// Jest Snapshot v1, https://goo.gl/fbAQLP

exports[`PomContainer should matchsnapshot 1`] = `undefined`;
